// Jest Snapshot v1, https://goo.gl/fbAQLP

exports[`Container should match the snapshot 1`] = `
<DocumentFragment>
  <div
    class="container"
  >
    <div>
      <div
        class="card"
      >
        <div
          class="image"
        >
          <img
            alt="abstract"
            src="abstract.png"
          />
        </div>
        <div
          class="description-section"
        >
          <div>
            <div
              class="date-time"
            >
              <p>
                2nd Januray, 2018
              </p>
              <p>
                2 mins
              </p>
            </div>
            <p
              class="heading"
            >
              The future of abstract art and the culture ...
            </p>
            <p
              class="meta-data"
            >
              Create a blog post subtitle that summarizes your post in a few short, punchy sentences and entices your...
            </p>
          </div>
          <div
            class="footer"
          >
            <center>
              <hr />
            </center>
            <div
              class="reaction"
            >
              <div
                class="clap"
              >
                <img
                  alt="clapIcon"
                  src="clapping.svg"
                />
                <p>
                  10
                </p>
              </div>
              <img
                alt="heartIcon"
                src="heart-black.svg"
              />
            </div>
          </div>
        </div>
      </div>
    </div>
    <div>
      <div
        class="card"
      >
        <div
          class="image"
        >
          <img
            alt="abstract"
            src="outdoor.png"
          />
        </div>
        <div
          class="description-section"
        >
          <div>
            <div
              class="date-time"
            >
              <p>
                31st Januray, 2018
              </p>
              <p>
                1 min
              </p>
            </div>
            <p
              class="heading"
            >
              How painting outdoors can transform your 
            </p>
            <p
              class="meta-data"
            >
              Create a blog post subtitle that summarizes your post in a few short, punchy sentences and entices your...
            </p>
          </div>
          <div
            class="footer"
          >
            <center>
              <hr />
            </center>
            <div
              class="reaction"
            >
              <div
                class="clap"
              >
                <img
                  alt="clapIcon"
                  src="clapping.svg"
                />
                <p>
                  1
                </p>
              </div>
              <img
                alt="heartIcon"
                src="heart-red.svg"
              />
            </div>
          </div>
        </div>
      </div>
    </div>
    <div>
      <div
        class="card"
      >
        <div
          class="image"
        >
          <img
            alt="abstract"
            src="young-painters.png"
          />
        </div>
        <div
          class="description-section"
        >
          <div>
            <div
              class="date-time"
            >
              <p>
                20th March, 2018
              </p>
              <p>
                2 mins
              </p>
            </div>
            <p
              class="heading"
            >
              10 young painters you need to know
            </p>
            <p
              class="meta-data"
            >
              Create a blog post subtitle that summarizes your post in a few short, punchy sentences and entices your...
            </p>
          </div>
          <div
            class="footer"
          >
            <center>
              <hr />
            </center>
            <div
              class="reaction"
            >
              <div
                class="clap"
              >
                <img
                  alt="clapIcon"
                  src="clapping.svg"
                />
                <p>
                  15
                </p>
              </div>
              <img
                alt="heartIcon"
                src="heart-black.svg"
              />
            </div>
          </div>
        </div>
      </div>
    </div>
    <div>
      <div
        class="card"
      >
        <div
          class="image"
        >
          <img
            alt="abstract"
            src="perfect-art.png"
          />
        </div>
        <div
          class="description-section"
        >
          <div>
            <div
              class="date-time"
            >
              <p>
                22nd June, 2018
              </p>
              <p>
                5 mins
              </p>
            </div>
            <p
              class="heading"
            >
              Tips for creating the perfect art
            </p>
            <p
              class="meta-data"
            >
              Create a blog post subtitle that summarizes your post in a few short, punchy sentences and entices your...
            </p>
          </div>
          <div
            class="footer"
          >
            <center>
              <hr />
            </center>
            <div
              class="reaction"
            >
              <div
                class="clap"
              >
                <img
                  alt="clapIcon"
                  src="clapping.svg"
                />
                <p>
                  11
                </p>
              </div>
              <img
                alt="heartIcon"
                src="heart-black.svg"
              />
            </div>
          </div>
        </div>
      </div>
    </div>
    <div>
      <div
        class="card"
      >
        <div
          class="image"
        >
          <img
            alt="abstract"
            src="inspired.png"
          />
        </div>
        <div
          class="description-section"
        >
          <div>
            <div
              class="date-time"
            >
              <p>
                4th Feburary, 2019
              </p>
              <p>
                9 mins
              </p>
            </div>
            <p
              class="heading"
            >
              Stay inspired: top artists blog ...
            </p>
            <p
              class="meta-data"
            >
              Create a blog post subtitle that summarizes your post in a few short, punchy sentences and entices your...
            </p>
          </div>
          <div
            class="footer"
          >
            <center>
              <hr />
            </center>
            <div
              class="reaction"
            >
              <div
                class="clap"
              >
                <img
                  alt="clapIcon"
                  src="clapping.svg"
                />
                <p>
                  45
                </p>
              </div>
              <img
                alt="heartIcon"
                src="heart-red.svg"
              />
            </div>
          </div>
        </div>
      </div>
    </div>
    <div>
      <div
        class="card"
      >
        <div
          class="image"
        >
          <img
            alt="abstract"
            src="reason.png"
          />
        </div>
        <div
          class="description-section"
        >
          <div>
            <div
              class="date-time"
            >
              <p>
                10th Januray, 2019
              </p>
              <p>
                2 mins
              </p>
            </div>
            <p
              class="heading"
            >
              5 reasons why everyone should try an...
            </p>
            <p
              class="meta-data"
            >
              Create a blog post subtitle that summarizes your post in a few short, punchy sentences and entices your...
            </p>
          </div>
          <div
            class="footer"
          >
            <center>
              <hr />
            </center>
            <div
              class="reaction"
            >
              <div
                class="clap"
              >
                <img
                  alt="clapIcon"
                  src="clapping.svg"
                />
                <p>
                  11
                </p>
              </div>
              <img
                alt="heartIcon"
                src="heart-black.svg"
              />
            </div>
          </div>
        </div>
      </div>
    </div>
  </div>
</DocumentFragment>
`;
